// Jest Snapshot v1, https://goo.gl/fbAQLP

exports[`Component: ViewContainer Should match snapshot. 1`] = `
<DocumentFragment>
  <main
    class="view-container"
  >
    lorem
  </main>
</DocumentFragment>
`;
