// Jest Snapshot v1, https://goo.gl/fbAQLP

exports[`Component: Text Should match snapshot. 1`] = `
<DocumentFragment>
  <p
    class="text color-full size-regular weight-regular "
  >
    hi
  </p>
</DocumentFragment>
`;
