// Jest Snapshot v1, https://goo.gl/fbAQLP

exports[`Component: Divider Should match snapshot. 1`] = `
<DocumentFragment>
  <div
    class="divider"
  />
</DocumentFragment>
`;
